0 budget geometric_path 4 2 (1, 2, 3) C/P -0.3291343969927082 J/d 1.0091248068497691 P 0.027203084519064273 nit 200
1 budget rare_bipartite 5 2 (1, 2, 8) C/P -0.9944119057624069 J/d 6.4186946435443275 P 1939.3712464943903 nit 200
2 budget double_reservoir 6 2 (1, 3, 16) C/P -0.9998249472043826 J/d 6.66075021638072 P 64674.77650298578 nit 200
3 budget geometric_path 4 3 (2, 3, 7) C/P -0.0159658813362883 J/d 1.510671647321032 P 1.5568717719295426 nit 200
4 budget rare_bipartite 5 3 (1, 4, 9) C/P -0.8242557333527729 J/d 24.835699878089006 P 406.88155009803995 nit 200
5 budget double_reservoir 6 3 (1, 2, 32) C/P -0.9983962746198286 J/d 11.288629578545306 P 19246.36793634465 nit 200
6 budget geometric_path 4 2 (1, 2, 3) C/P -0.04155781197726003 J/d 1.3222490018483855 P 0.6724432748795908 nit 200
7 budget rare_bipartite 5 2 (1, 2, 8) C/P -0.015143697902629061 J/d 1.5609715429801203 P 1.1391947064469492 nit 200
8 budget double_reservoir 6 2 (1, 3, 16) C/P -0.9971605187657901 J/d 13.551688559877517 P 8840.832197555907 nit 200
9 budget geometric_path 4 3 (2, 3, 7) C/P 4.940966450016072e-09 J/d 1.0000079876700678 P 2.39630100828476e-05 nit 8
10 budget rare_bipartite 5 3 (1, 4, 9) C/P -0.9657463976461554 J/d 4.21722578463318 P 281.77116246625303 nit 200
11 budget double_reservoir 6 3 (1, 2, 32) C/P -0.9984215050624732 J/d 8.436085173339059 P 14132.611381680648 nit 200
12 direct geometric_path 4 2 (1, 2, 3) C/P -3.900041348434349e-08 J/d 1.0000000122390864 P 2.44781720617299e-08 nit 200
13 direct rare_bipartite 5 2 (1, 2, 8) C/P -4.754947295885129e-08 J/d 1.0000000000205647 P 4.112807627253322e-11 nit 97
14 direct double_reservoir 6 2 (1, 3, 16) C/P 2.94918955664462e-06 J/d 1.0000000003813114 P 7.639082902051843e-10 nit 200
15 direct geometric_path 4 3 (2, 3, 7) C/P 7.721732749592935e-12 J/d 1.0000000020080893 P 6.024265964603902e-09 nit 15
16 direct rare_bipartite 5 3 (1, 4, 9) C/P -1.0915729616090222e-15 J/d 1.0000000025029894 P 7.508973182616018e-09 nit 16
17 direct double_reservoir 6 3 (1, 2, 32) C/P -4.449585848772196e-06 J/d 1.0000002505884555 P 7.517687211009099e-07 nit 200
18 direct geometric_path 4 2 (1, 2, 3) C/P 1.3161016533069152e-07 J/d 1.0000000049344047 P 9.868810492904277e-09 nit 200
19 direct rare_bipartite 5 2 (1, 2, 8) C/P -9.83496809129284e-10 J/d 1.0000000000235072 P 4.7017470728777646e-11 nit 129
20 direct double_reservoir 6 2 (1, 3, 16) C/P -4.095349956650797e-08 J/d 1.0000000002749685 P 5.499409470244249e-10 nit 200
21 direct geometric_path 4 3 (2, 3, 7) C/P -4.2416243633988163e-11 J/d 1.0000000012138694 P 3.641611354166142e-09 nit 23
22 direct rare_bipartite 5 3 (1, 4, 9) C/P 1.9433469743353726e-06 J/d 1.0000000000017175 P 5.151720322290789e-12 nit 54
23 direct double_reservoir 6 3 (1, 2, 32) C/P 3.3478327140547e-15 J/d 1.000000056104147 P 1.68312430202729e-07 nit 27
DONE complete 36.019371509552
